Archive member included to satisfy reference by file (symbol)

c:/program files (x86)/atmel/studio/7.0/toolchain/avr8/avr8-gnu-toolchain/bin/../lib/gcc/avr/5.4.0/../../../../avr/lib/avr51\libm.a(addsf3.o)
                              sensors.o (__subsf3)
c:/program files (x86)/atmel/studio/7.0/toolchain/avr8/avr8-gnu-toolchain/bin/../lib/gcc/avr/5.4.0/../../../../avr/lib/avr51\libm.a(addsf3x.o)
                              c:/program files (x86)/atmel/studio/7.0/toolchain/avr8/avr8-gnu-toolchain/bin/../lib/gcc/avr/5.4.0/../../../../avr/lib/avr51\libm.a(addsf3.o) (__addsf3x)
c:/program files (x86)/atmel/studio/7.0/toolchain/avr8/avr8-gnu-toolchain/bin/../lib/gcc/avr/5.4.0/../../../../avr/lib/avr51\libm.a(fixunssfsi.o)
                              sensors.o (__fixunssfsi)
c:/program files (x86)/atmel/studio/7.0/toolchain/avr8/avr8-gnu-toolchain/bin/../lib/gcc/avr/5.4.0/../../../../avr/lib/avr51\libm.a(floatsisf.o)
                              sensors.o (__floatunsisf)
c:/program files (x86)/atmel/studio/7.0/toolchain/avr8/avr8-gnu-toolchain/bin/../lib/gcc/avr/5.4.0/../../../../avr/lib/avr51\libm.a(fp_inf.o)
                              c:/program files (x86)/atmel/studio/7.0/toolchain/avr8/avr8-gnu-toolchain/bin/../lib/gcc/avr/5.4.0/../../../../avr/lib/avr51\libm.a(addsf3x.o) (__fp_inf)
c:/program files (x86)/atmel/studio/7.0/toolchain/avr8/avr8-gnu-toolchain/bin/../lib/gcc/avr/5.4.0/../../../../avr/lib/avr51\libm.a(fp_nan.o)
                              c:/program files (x86)/atmel/studio/7.0/toolchain/avr8/avr8-gnu-toolchain/bin/../lib/gcc/avr/5.4.0/../../../../avr/lib/avr51\libm.a(addsf3x.o) (__fp_nan)
c:/program files (x86)/atmel/studio/7.0/toolchain/avr8/avr8-gnu-toolchain/bin/../lib/gcc/avr/5.4.0/../../../../avr/lib/avr51\libm.a(fp_pscA.o)
                              c:/program files (x86)/atmel/studio/7.0/toolchain/avr8/avr8-gnu-toolchain/bin/../lib/gcc/avr/5.4.0/../../../../avr/lib/avr51\libm.a(addsf3x.o) (__fp_pscA)
c:/program files (x86)/atmel/studio/7.0/toolchain/avr8/avr8-gnu-toolchain/bin/../lib/gcc/avr/5.4.0/../../../../avr/lib/avr51\libm.a(fp_pscB.o)
                              c:/program files (x86)/atmel/studio/7.0/toolchain/avr8/avr8-gnu-toolchain/bin/../lib/gcc/avr/5.4.0/../../../../avr/lib/avr51\libm.a(addsf3x.o) (__fp_pscB)
c:/program files (x86)/atmel/studio/7.0/toolchain/avr8/avr8-gnu-toolchain/bin/../lib/gcc/avr/5.4.0/../../../../avr/lib/avr51\libm.a(fp_round.o)
                              c:/program files (x86)/atmel/studio/7.0/toolchain/avr8/avr8-gnu-toolchain/bin/../lib/gcc/avr/5.4.0/../../../../avr/lib/avr51\libm.a(addsf3.o) (__fp_round)
c:/program files (x86)/atmel/studio/7.0/toolchain/avr8/avr8-gnu-toolchain/bin/../lib/gcc/avr/5.4.0/../../../../avr/lib/avr51\libm.a(fp_split3.o)
                              c:/program files (x86)/atmel/studio/7.0/toolchain/avr8/avr8-gnu-toolchain/bin/../lib/gcc/avr/5.4.0/../../../../avr/lib/avr51\libm.a(addsf3x.o) (__fp_split3)
c:/program files (x86)/atmel/studio/7.0/toolchain/avr8/avr8-gnu-toolchain/bin/../lib/gcc/avr/5.4.0/../../../../avr/lib/avr51\libm.a(fp_zero.o)
                              c:/program files (x86)/atmel/studio/7.0/toolchain/avr8/avr8-gnu-toolchain/bin/../lib/gcc/avr/5.4.0/../../../../avr/lib/avr51\libm.a(addsf3x.o) (__fp_zero)
c:/program files (x86)/atmel/studio/7.0/toolchain/avr8/avr8-gnu-toolchain/bin/../lib/gcc/avr/5.4.0/../../../../avr/lib/avr51\libm.a(gesf2.o)
                              sensors.o (__gtsf2)
c:/program files (x86)/atmel/studio/7.0/toolchain/avr8/avr8-gnu-toolchain/bin/../lib/gcc/avr/5.4.0/../../../../avr/lib/avr51\libm.a(mulsf3.o)
                              sensors.o (__mulsf3)
c:/program files (x86)/atmel/studio/7.0/toolchain/avr8/avr8-gnu-toolchain/bin/../lib/gcc/avr/5.4.0/../../../../avr/lib/avr51\libm.a(mulsf3x.o)
                              c:/program files (x86)/atmel/studio/7.0/toolchain/avr8/avr8-gnu-toolchain/bin/../lib/gcc/avr/5.4.0/../../../../avr/lib/avr51\libm.a(mulsf3.o) (__mulsf3x)
c:/program files (x86)/atmel/studio/7.0/toolchain/avr8/avr8-gnu-toolchain/bin/../lib/gcc/avr/5.4.0/../../../../avr/lib/avr51\libm.a(fp_cmp.o)
                              c:/program files (x86)/atmel/studio/7.0/toolchain/avr8/avr8-gnu-toolchain/bin/../lib/gcc/avr/5.4.0/../../../../avr/lib/avr51\libm.a(gesf2.o) (__fp_cmp)
c:/program files (x86)/atmel/studio/7.0/toolchain/avr8/avr8-gnu-toolchain/bin/../lib/gcc/avr/5.4.0/../../../../avr/lib/avr51\libprintf_flt.a(vfprintf_flt.o)
                              (vfprintf)
c:/program files (x86)/atmel/studio/7.0/toolchain/avr8/avr8-gnu-toolchain/bin/../lib/gcc/avr/5.4.0/avr51\libgcc.a(_udivmodsi4.o)
                              Stack/hal/drivers/atmega128rfa1/src/halSleep.o (__udivmodsi4)
c:/program files (x86)/atmel/studio/7.0/toolchain/avr8/avr8-gnu-toolchain/bin/../lib/gcc/avr/5.4.0/avr51\libgcc.a(_exit.o)
[...]
Memory Configuration

Name             Origin             Length             Attributes
text             0x00000000         0x00020000         xr
data             0x00800100         0x0000ff00         rw !x
eeprom           0x00810000         0x00010000         rw !x
fuse             0x00820000         0x00000400         rw !x
lock             0x00830000         0x00000400         rw !x
signature        0x00840000         0x00000400         rw !x
user_signatures  0x00850000         0x00000400         rw !x
*default*        0x00000000         0xffffffff

Linker script and memory map

Address of section .data set to 0x800200
LOAD C:/Program Files (x86)/Atmel/Studio/7.0/Packs/atmel/ATmega_DFP/1.0.90/gcc/dev/atmega128rfa1/avr51/crtatmega128rfa1.o
LOAD ADC_lib.o
LOAD ECDH_PHASE_II B.o
LOAD ECDH_PHASE_II A.o
LOAD ECDH_PHASE_III.o
LOAD ECDH_SumTwoPoints.o
LOAD ECDH_PointVerification.o
LOAD ECDH_Mathematics.o
LOAD ECDH_Order.o
LOAD ECDH_Provider.o
LOAD ECDH_SecKey.o
LOAD main.o
LOAD mssy_functions.o
LOAD ECDH_PHASE_I.o
LOAD sensors.o
LOAD Stack/hal/atmega128rfa1/src/hal.o
LOAD Stack/hal/atmega128rfa1/src/halTimer.o
LOAD Stack/hal/drivers/atmega128rfa1/src/halSleep.o
LOAD Stack/hal/drivers/atmega128rfa1/src/halUart.o
LOAD Stack/nwk/src/nwk.o
LOAD Stack/nwk/src/nwkDataReq.o
LOAD Stack/nwk/src/nwkFrame.o
LOAD Stack/nwk/src/nwkGroup.o
LOAD Stack/nwk/src/nwkRoute.o
LOAD Stack/nwk/src/nwkRouteDiscovery.o
LOAD Stack/nwk/src/nwkRx.o
LOAD Stack/nwk/src/nwkSecurity.o
LOAD Stack/nwk/src/nwkTx.o
LOAD Stack/phy/atmega128rfa1/src/phy.o
LOAD Stack/sys/src/sys.o
LOAD Stack/sys/src/sysEncrypt.o
LOAD Stack/sys/src/sysTimer.o
LOAD twi_master.o
LOAD USB_Stack/usb.o
START GROUP
LOAD c:/program files (x86)/atmel/studio/7.0/toolchain/avr8/avr8-gnu-toolchain/bin/../lib/gcc/avr/5.4.0/../../../../avr/lib/avr51\libm.a
END GROUP
LOAD c:/program files (x86)/atmel/studio/7.0/toolchain/avr8/avr8-gnu-toolchain/bin/../lib/gcc/avr/5.4.0/../../../../avr/lib/avr51\libprintf_flt.a
START GROUP
LOAD c:/program files (x86)/atmel/studio/7.0/toolchain/avr8/avr8-gnu-toolchain/bin/../lib/gcc/avr/5.4.0/avr51\libgcc.a
LOAD c:/program files (x86)/atmel/studio/7.0/toolchain/avr8/avr8-gnu-toolchain/bin/../lib/gcc/avr/5.4.0/../../../../avr/lib/avr51\libm.a
LOAD c:/program files (x86)/atmel/studio/7.0/toolchain/avr8/avr8-gnu-toolchain/bin/../lib/gcc/avr/5.4.0/../../../../avr/lib/avr51\libc.a
LOAD C:/Program Files (x86)/Atmel/Studio/7.0/Packs/atmel/ATmega_DFP/1.0.90/gcc/dev/atmega128rfa1/avr51\libatmega128rfa1.a
END GROUP
                0x00000000                __TEXT_REGION_ORIGIN__ = DEFINED (__TEXT_REGION_ORIGIN__)?__TEXT_REGION_ORIGIN__:0x0
                0x00800100                __DATA_REGION_ORIGIN__ = DEFINED (__DATA_REGION_ORIGIN__)?__DATA_REGION_ORIGIN__:0x800100
                0x00020000                __TEXT_REGION_LENGTH__ = DEFINED (__TEXT_REGION_LENGTH__)?__TEXT_REGION_LENGTH__:0x20000
                0x0000ff00                __DATA_REGION_LENGTH__ = DEFINED (__DATA_REGION_LENGTH__)?__DATA_REGION_LENGTH__:0xff00
                0x00010000                __EEPROM_REGION_LENGTH__ = DEFINED (__EEPROM_REGION_LENGTH__)?__EEPROM_REGION_LENGTH__:0x10000
                0x00000400                __FUSE_REGION_LENGTH__ = DEFINED (__FUSE_REGION_LENGTH__)?__FUSE_REGION_LENGTH__:0x400
                0x00000400                __LOCK_REGION_LENGTH__ = DEFINED (__LOCK_REGION_LENGTH__)?__LOCK_REGION_LENGTH__:0x400
                0x00000400                __SIGNATURE_REGION_LENGTH__ = DEFINED (__SIGNATURE_REGION_LENGTH__)?__SIGNATURE_REGION_LENGTH__:0x400
                0x00000400                __USER_SIGNATURE_REGION_LENGTH__ = DEFINED (__USER_SIGNATURE_REGION_LENGTH__)?__USER_SIGNATURE_REGION_LENGTH__:0x400

.hash
 *(.hash)

.dynsym
 *(.dynsym)

.dynstr
 *(.dynstr)

.gnu.version
 *(.gnu.version)

.gnu.version_d
 *(.gnu.version_d)

.gnu.version_r
 *(.gnu.version_r)

.rel.init
 *(.rel.init)

.rela.init
 *(.rela.init)

.rel.text
 *(.rel.text)
 *(.rel.text.*)
 *(.rel.gnu.linkonce.t*)

.rela.text
 *(.rela.text)
 *(.rela.text.*)
 *(.rela.gnu.linkonce.t*)

.rel.fini
 *(.rel.fini)

.rela.fini
 *(.rela.fini)

.rel.rodata
 *(.rel.rodata)
 *(.rel.rodata.*)
 *(.rel.gnu.linkonce.r*)

.rela.rodata
 *(.rela.rodata)
 *(.rela.rodata.*)
 *(.rela.gnu.linkonce.r*)

.rel.data
 *(.rel.data)
 *(.rel.data.*)
 *(.rel.gnu.linkonce.d*)

.rela.data
 *(.rela.data)
 *(.rela.data.*)
 *(.rela.gnu.linkonce.d*)

.rel.ctors
 *(.rel.ctors)

.rela.ctors
 *(.rela.ctors)

.rel.dtors
 *(.rel.dtors)

.rela.dtors
 *(.rela.dtors)

.rel.got
 *(.rel.got)

.rela.got
 *(.rela.got)

.rel.bss
 *(.rel.bss)

.rela.bss
 *(.rela.bss)

.rel.plt
 *(.rel.plt)

.rela.plt
 *(.rela.plt)

.text           0x00000000     0x3906
 *(.vectors)
 .vectors       0x00000000      0x120 C:/Program Files (x86)/Atmel/Studio/7.0/Packs/atmel/ATmega_DFP/1.0.90/gcc/dev/atmega128rfa1/avr51/crtatmega128rfa1.o
                0x00000000                __vector_default
                0x00000000                __vectors
 *(.vectors)
 *(.progmem.gcc*)
                0x00000120                . = ALIGN (0x2)
                0x00000120                __trampolines_start = .
 *(.trampolines)
 .trampolines   0x00000120        0x0 linker stubs
 *(.trampolines*)
                0x00000120                __trampolines_end = .
 *libprintf_flt.a:*(.progmem.data)
 .progmem.data  0x00000120        0x8 c:/program files (x86)/atmel/studio/7.0/toolchain/avr8/avr8-gnu-toolchain/bin/../lib/gcc/avr/5.4.0/../../../../avr/lib/avr51\libprintf_flt.a(vfprintf_flt.o)
 *libc.a:*(.progmem.data)
 .progmem.data  0x00000128       0xfa c:/program files (x86)/atmel/studio/7.0/toolchain/avr8/avr8-gnu-toolchain/bin/../lib/gcc/avr/5.4.0/../../../../avr/lib/avr51\libc.a(ftoa_engine.o)
 *(.progmem*)
                0x00000222                . = ALIGN (0x2)
 *(.jumptables)
 *(.jumptables*)
 *(.lowtext)
 *(.lowtext*)
                0x00000222                __ctors_start = .
 *(.ctors)
                0x00000222                __ctors_end = .
                0x00000222                __dtors_start = .
 *(.dtors)
                0x00000222                __dtors_end = .
 SORT(*)(.ctors)
 SORT(*)(.dtors)
 *(.init0)
 .init0         0x00000222        0x0 C:/Program Files (x86)/Atmel/Studio/7.0/Packs/atmel/ATmega_DFP/1.0.90/gcc/dev/atmega128rfa1/avr51/crtatmega128rfa1.o
                0x00000222                __init
 *(.init0)
 *(.init1)
 *(.init1)
 *(.init2)
 .init2         0x00000222        0xc C:/Program Files (x86)/Atmel/Studio/7.0/Packs/atmel/ATmega_DFP/1.0.90/gcc/dev/atmega128rfa1/avr51/crtatmega128rfa1.o
 *(.init2)
 *(.init3)
 *(.init3)
 *(.init4)
 .init4         0x0000022e       0x1a c:/program files (x86)/atmel/studio/7.0/toolchain/avr8/avr8-gnu-toolchain/bin/../lib/gcc/avr/5.4.0/avr51\libgcc.a(_copy_data.o)
                0x0000022e                __do_copy_data
 .init4         0x00000248       0x10 c:/program files (x86)/atmel/studio/7.0/toolchain/avr8/avr8-gnu-toolchain/bin/../lib/gcc/avr/5.4.0/avr51\libgcc.a(_clear_bss.o)
                0x00000248                __do_clear_bss
 *(.init4)
 *(.init5)
 *(.init5)
 *(.init6)
 *(.init6)
 *(.init7)
 *(.init7)
 *(.init8)
 *(.init8)
 *(.init9)
 .init9         0x00000258        0x8 C:/Program Files (x86)/Atmel/Studio/7.0/Packs/atmel/ATmega_DFP/1.0.90/gcc/dev/atmega128rfa1/avr51/crtatmega128rfa1.o
 *(.init9)
 *(.text)
 .text          0x00000260        0x2 C:/Program Files (x86)/Atmel/Studio/7.0/Packs/atmel/ATmega_DFP/1.0.90/gcc/dev/atmega128rfa1/avr51/crtatmega128rfa1.o
                0x00000260                __vector_38
                0x00000260                __vector_22
                0x00000260                __vector_63
                0x00000260                __vector_28
                0x00000260                __vector_67
                0x00000260                __vector_1
                0x00000260                __vector_32
                0x00000260                __vector_71
                0x00000260                __vector_34
                0x00000260                __vector_62
                0x00000260                __vector_24
                0x00000260                __vector_12
                0x00000260                __vector_55
                0x00000260                __vector_69
                0x00000260                __vector_46
                0x00000260                __bad_interrupt
                0x00000260                __vector_6
                0x00000260                __vector_31
                0x00000260                __vector_35
                0x00000260                __vector_39
                0x00000260                __vector_3
                0x00000260                __vector_23
                0x00000260                __vector_68
                0x00000260                __vector_30
                0x00000260                __vector_45
                0x00000260                __vector_25
                0x00000260                __vector_61
                0x00000260                __vector_11
                0x00000260                __vector_54
                0x00000260                __vector_17
                0x00000260                __vector_19
                0x00000260                __vector_56
                0x00000260                __vector_7
                0x00000260                __vector_49
                0x00000260                __vector_41
                0x00000260                __vector_64
                0x00000260                __vector_43
                0x00000260                __vector_27
                0x00000260                __vector_5
                0x00000260                __vector_33
                0x00000260                __vector_47
                0x00000260                __vector_52
                0x00000260                __vector_4
                0x00000260                __vector_44
                0x00000260                __vector_51
                0x00000260                __vector_9
                0x00000260                __vector_2
                0x00000260                __vector_15
                0x00000260                __vector_66
                0x00000260                __vector_58
                0x00000260                __vector_70
                0x00000260                __vector_29
                0x00000260                __vector_60
                0x00000260                __vector_40
                0x00000260                __vector_8
                0x00000260                __vector_26
                0x00000260                __vector_48
                0x00000260                __vector_14
                0x00000260                __vector_57
                0x00000260                __vector_53
                0x00000260                __vector_10
                0x00000260                __vector_50
                0x00000260                __vector_16
                0x00000260                __vector_59
                0x00000260                __vector_18
                0x00000260                __vector_20
                0x00000260                __vector_65
                0x00000262                . = ALIGN (0x2)
 *(.text.*)
 .text.modulo   0x00000262      0x18a ECDH_Mathematics.o
                0x00000262                modulo
 .text.power    0x000003ec      0x188 ECDH_Mathematics.o
                0x000003ec                power
 .text.XPart    0x00000574      0x24a ECDH_Order.o
                0x00000574                XPart
 .text.YPart    0x000007be      0x1c2 ECDH_Order.o
                0x000007be                YPart
 .text.TheFirstPoint
                0x00000980      0x94a ECDH_Order.o
                0x00000980                TheFirstPoint
 .text.main     0x000012ca       0xd0 main.o
                0x000012ca                main
 .text.__vector_21
                0x0000139a       0x5a sensors.o
                0x0000139a                __vector_21
 .text.HAL_Init
                0x000013f4       0x28 Stack/hal/atmega128rfa1/src/hal.o
                0x000013f4                HAL_Init
 .text.HAL_Delay
                0x0000141c        0x6 Stack/hal/atmega128rfa1/src/hal.o
                0x0000141c                HAL_Delay
 .text.HAL_TimerInit
                0x00001422       0x2a Stack/hal/atmega128rfa1/src/halTimer.o
                0x00001422                HAL_TimerInit
 .text.HAL_TimerDelay
                0x0000144c       0x44 Stack/hal/atmega128rfa1/src/halTimer.o
                0x0000144c                HAL_TimerDelay
 .text.__vector_42
                0x00001490       0x22 Stack/hal/atmega128rfa1/src/halTimer.o
                0x00001490                __vector_42
 .text.__vector_13
                0x000014b2       0x1e Stack/hal/drivers/atmega128rfa1/src/halSleep.o
                0x000014b2                __vector_13
 .text.__vector_37
                0x000014d0       0x38 Stack/hal/drivers/atmega128rfa1/src/halUart.o
                0x000014d0                __vector_37
 .text.__vector_36
                0x00001508       0xae Stack/hal/drivers/atmega128rfa1/src/halUart.o
                0x00001508                __vector_36
 .text.NWK_Init
                0x000015b6       0x2e Stack/nwk/src/nwk.o
                0x000015b6                NWK_Init
 .text.NWK_OpenEndpoint
                0x000015e4       0x12 Stack/nwk/src/nwk.o
                0x000015e4                NWK_OpenEndpoint
 .text.NWK_TaskHandler
                0x000015f6        0x8 Stack/nwk/src/nwk.o
                0x000015f6                NWK_TaskHandler
 .text.nwkDataReqTxConf
                0x000015fe       0x46 Stack/nwk/src/nwkDataReq.o
 .text.nwkDataReqInit
                0x00001644        0xa Stack/nwk/src/nwkDataReq.o
                0x00001644                nwkDataReqInit
 .text.nwkDataReqTaskHandler
                0x0000164e      0x146 Stack/nwk/src/nwkDataReq.o
                0x0000164e                nwkDataReqTaskHandler
 .text.nwkFrameInit
                0x00001794       0x16 Stack/nwk/src/nwkFrame.o
                0x00001794                nwkFrameInit
 .text.nwkFrameAlloc
                0x000017aa       0x6e Stack/nwk/src/nwkFrame.o
                0x000017aa                nwkFrameAlloc
 .text.nwkFrameFree
                0x00001818       0x14 Stack/nwk/src/nwkFrame.o
                0x00001818                nwkFrameFree
 .text.nwkFrameNext
                0x0000182c       0x4a Stack/nwk/src/nwkFrame.o
                0x0000182c                nwkFrameNext
 .text.nwkFrameCommandInit
                0x00001876       0x28 Stack/nwk/src/nwkFrame.o
                0x00001876                nwkFrameCommandInit
 .text.nwkRouteInit
                0x0000189e       0x40 Stack/nwk/src/nwkRoute.o
                0x0000189e                nwkRouteInit
 .text.NWK_RouteFindEntry
                0x000018de       0x64 Stack/nwk/src/nwkRoute.o
                0x000018de                NWK_RouteFindEntry
 .text.NWK_RouteNewEntry
                0x00001942       0x44 Stack/nwk/src/nwkRoute.o
                0x00001942                NWK_RouteNewEntry
 .text.NWK_RouteFreeEntry
                0x00001986       0x14 Stack/nwk/src/nwkRoute.o
                0x00001986                NWK_RouteFreeEntry
 .text.NWK_RouteNextHop
                0x0000199a       0x14 Stack/nwk/src/nwkRoute.o
                0x0000199a                NWK_RouteNextHop
 .text.nwkRouteRemove
                0x000019ae        0xa Stack/nwk/src/nwkRoute.o
                0x000019ae                nwkRouteRemove
 .text.nwkRouteFrameReceived
                0x000019b8       0x9e Stack/nwk/src/nwkRoute.o
                0x000019b8                nwkRouteFrameReceived
 .text.nwkRouteFrameSent
                0x00001a56       0x8e Stack/nwk/src/nwkRoute.o
                0x00001a56                nwkRouteFrameSent
 .text.nwkRoutePrepareTx
                0x00001ae4       0x3e Stack/nwk/src/nwkRoute.o
                0x00001ae4                nwkRoutePrepareTx
 .text.nwkRouteFrame
                0x00001b22       0x98 Stack/nwk/src/nwkRoute.o
                0x00001b22                nwkRouteFrame
 .text.nwkRouteErrorReceived
                0x00001bba       0x1e Stack/nwk/src/nwkRoute.o
                0x00001bba                nwkRouteErrorReceived
 .text.nwkRxServiceDataInd
                0x00001bd8       0x30 Stack/nwk/src/nwkRx.o
 .text.nwkRxDuplicateRejectionTimerHandler
                0x00001c08       0x2c Stack/nwk/src/nwkRx.o
 .text.nwkRxInit
                0x00001c34       0x3a Stack/nwk/src/nwkRx.o
                0x00001c34                nwkRxInit
 .text.PHY_DataInd
                0x00001c6e       0x56 Stack/nwk/src/nwkRx.o
                0x00001c6e                PHY_DataInd
 .text.nwkRxTaskHandler
                0x00001cc4      0x478 Stack/nwk/src/nwkRx.o
                0x00001cc4                nwkRxTaskHandler
 .text.nwkTxDelayTimerHandler
                0x0000213c       0x58 Stack/nwk/src/nwkTx.o
 .text.nwkTxAckWaitTimerHandler
                0x00002194       0x64 Stack/nwk/src/nwkTx.o
 .text.nwkTxInit
                0x000021f8       0x46 Stack/nwk/src/nwkTx.o
                0x000021f8                nwkTxInit
 .text.nwkTxFrame
                0x0000223e       0x9e Stack/nwk/src/nwkTx.o
                0x0000223e                nwkTxFrame
 .text.nwkTxBroadcastFrame
                0x000022dc       0x8a Stack/nwk/src/nwkTx.o
                0x000022dc                nwkTxBroadcastFrame
 .text.nwkTxAckReceived
                0x00002366       0x4a Stack/nwk/src/nwkTx.o
                0x00002366                nwkTxAckReceived
 .text.PHY_DataConf
                0x000023b0       0x46 Stack/nwk/src/nwkTx.o
                0x000023b0                PHY_DataConf
 .text.nwkTxTaskHandler
                0x000023f6      0x136 Stack/nwk/src/nwkTx.o
                0x000023f6                nwkTxTaskHandler
 .text.phyTrxSetState
                0x0000252c       0x24 Stack/phy/atmega128rfa1/src/phy.o
 .text.phySetRxState
                0x00002550       0x18 Stack/phy/atmega128rfa1/src/phy.o
 .text.PHY_DataReq
                0x00002568       0x52 Stack/phy/atmega128rfa1/src/phy.o
                0x00002568                PHY_DataReq
 .text.PHY_RandomReq
                0x000025ba       0x5a Stack/phy/atmega128rfa1/src/phy.o
                0x000025ba                PHY_RandomReq
 .text.PHY_Init
                0x00002614       0x2a Stack/phy/atmega128rfa1/src/phy.o
                0x00002614                PHY_Init
 .text.PHY_TaskHandler
                0x0000263e       0xf6 Stack/phy/atmega128rfa1/src/phy.o
                0x0000263e                PHY_TaskHandler
 .text.SYS_Init
                0x00002734        0xe Stack/sys/src/sys.o
                0x00002734                SYS_Init
 .text.SYS_TaskHandler
                0x00002742        0xa Stack/sys/src/sys.o
                0x00002742                SYS_TaskHandler
 .text.placeTimer
                0x0000274c       0xc8 Stack/sys/src/sysTimer.o
 .text.SYS_TimerInit
                0x00002814        0xa Stack/sys/src/sysTimer.o
                0x00002814                SYS_TimerInit
 .text.SYS_TimerStarted
                0x0000281e       0x34 Stack/sys/src/sysTimer.o
                0x0000281e                SYS_TimerStarted
 .text.SYS_TimerStart
                0x00002852       0x16 Stack/sys/src/sysTimer.o
                0x00002852                SYS_TimerStart
 .text.SYS_TimerTaskHandler
                0x00002868       0xd6 Stack/sys/src/sysTimer.o
                0x00002868                SYS_TimerTaskHandler
 .text.usb_init
                0x0000293e        0xa USB_Stack/usb.o
                0x0000293e                usb_init
 .text.read_usb_byte
                0x00002948       0x6e USB_Stack/usb.o
                0x00002948                read_usb_byte
 .text.usb_getc_std
                0x000029b6        0xa USB_Stack/usb.o
                0x000029b6                usb_getc_std
 .text.write_usb_byte
                0x000029c0       0x6c USB_Stack/usb.o
                0x000029c0                write_usb_byte
 .text.usb_putc_std
                0x00002a2c       0x14 USB_Stack/usb.o
                0x00002a2c                usb_putc_std
 .text.avr-libc
                0x00002a40      0x712 c:/program files (x86)/atmel/studio/7.0/toolchain/avr8/avr8-gnu-toolchain/bin/../lib/gcc/avr/5.4.0/../../../../avr/lib/avr51\libprintf_flt.a(vfprintf_flt.o)
                0x00002a40                vfprintf
 .text.libgcc.div
                0x00003152       0x44 c:/program files (x86)/atmel/studio/7.0/toolchain/avr8/avr8-gnu-toolchain/bin/../lib/gcc/avr/5.4.0/avr51\libgcc.a(_udivmodsi4.o)
                0x00003152                __udivmodsi4
 .text.libgcc.mul
                0x00003196       0x1e c:/program files (x86)/atmel/studio/7.0/toolchain/avr8/avr8-gnu-toolchain/bin/../lib/gcc/avr/5.4.0/avr51\libgcc.a(_umulhisi3.o)
                0x00003196                __umulhisi3
 .text.libgcc.mul
                0x000031b4       0x92 c:/program files (x86)/atmel/studio/7.0/toolchain/avr8/avr8-gnu-toolchain/bin/../lib/gcc/avr/5.4.0/avr51\libgcc.a(_muldi3.o)
                0x000031b4                __muldi3
 .text.libgcc.mul
                0x00003246       0x10 c:/program files (x86)/atmel/studio/7.0/toolchain/avr8/avr8-gnu-toolchain/bin/../lib/gcc/avr/5.4.0/avr51\libgcc.a(_muldi3_6.o)
                0x00003246                __muldi3_6
 .text.libgcc.div
                0x00003256       0x56 c:/program files (x86)/atmel/studio/7.0/toolchain/avr8/avr8-gnu-toolchain/bin/../lib/gcc/avr/5.4.0/avr51\libgcc.a(_divdi3.o)
                0x00003256                __moddi3
                0x0000325a                __divdi3
                0x0000325c                __divdi3_moddi3
 .text.libgcc.div
                0x000032ac       0x1a c:/program files (x86)/atmel/studio/7.0/toolchain/avr8/avr8-gnu-toolchain/bin/../lib/gcc/avr/5.4.0/avr51\libgcc.a(_udivdi3.o)
                0x000032ac                __umoddi3
                0x000032b0                __udivdi3
                0x000032b2                __udivdi3_umoddi3
 .text.libgcc.div
                0x000032c6       0xa2 c:/program files (x86)/atmel/studio/7.0/toolchain/avr8/avr8-gnu-toolchain/bin/../lib/gcc/avr/5.4.0/avr51\libgcc.a(_udivmod64.o)
                0x000032c6                __udivmod64
 .text.libgcc   0x00003368       0x20 c:/program files (x86)/atmel/studio/7.0/toolchain/avr8/avr8-gnu-toolchain/bin/../lib/gcc/avr/5.4.0/avr51\libgcc.a(_negdi2.o)
                0x00003368                __negdi2
 .text.libgcc.prologue
                0x00003388       0x38 c:/program files (x86)/atmel/studio/7.0/toolchain/avr8/avr8-gnu-toolchain/bin/../lib/gcc/avr/5.4.0/avr51\libgcc.a(_prologue.o)
                0x00003388                __prologue_saves__
 .text.libgcc.prologue
                0x000033c0       0x36 c:/program files (x86)/atmel/studio/7.0/toolchain/avr8/avr8-gnu-toolchain/bin/../lib/gcc/avr/5.4.0/avr51\libgcc.a(_epilogue.o)
                0x000033c0                __epilogue_restores__
 .text.libgcc.builtins
                0x000033f6       0x32 c:/program files (x86)/atmel/studio/7.0/toolchain/avr8/avr8-gnu-toolchain/bin/../lib/gcc/avr/5.4.0/avr51\libgcc.a(_ashldi3.o)
                0x000033f6                __ashldi3
 .text.libgcc.builtins
                0x00003428       0x3c c:/program files (x86)/atmel/studio/7.0/toolchain/avr8/avr8-gnu-toolchain/bin/../lib/gcc/avr/5.4.0/avr51\libgcc.a(_ashrdi3.o)
                0x00003428                __ashrdi3
                0x0000342c                __lshrdi3
 .text.libgcc   0x00003464       0x12 c:/program files (x86)/atmel/studio/7.0/toolchain/avr8/avr8-gnu-toolchain/bin/../lib/gcc/avr/5.4.0/avr51\libgcc.a(_adddi3.o)
                0x00003464                __adddi3
 .text.libgcc   0x00003476       0x18 c:/program files (x86)/atmel/studio/7.0/toolchain/avr8/avr8-gnu-toolchain/bin/../lib/gcc/avr/5.4.0/avr51\libgcc.a(_adddi3_s8.o)
                0x00003476                __adddi3_s8
 .text.libgcc   0x0000348e       0x12 c:/program files (x86)/atmel/studio/7.0/toolchain/avr8/avr8-gnu-toolchain/bin/../lib/gcc/avr/5.4.0/avr51\libgcc.a(_cmpdi2.o)
                0x0000348e                __cmpdi2
 .text.libgcc   0x000034a0       0x18 c:/program files (x86)/atmel/studio/7.0/toolchain/avr8/avr8-gnu-toolchain/bin/../lib/gcc/avr/5.4.0/avr51\libgcc.a(_cmpdi2_s8.o)
                0x000034a0                __cmpdi2_s8
 .text.avr-libc
                0x000034b8       0xaa c:/program files (x86)/atmel/studio/7.0/toolchain/avr8/avr8-gnu-toolchain/bin/../lib/gcc/avr/5.4.0/../../../../avr/lib/avr51\libc.a(rand.o)
                0x00003544                rand_r
                0x00003546                rand
                0x0000354c                srand
 .text.avr-libc
                0x00003562      0x1b0 c:/program files (x86)/atmel/studio/7.0/toolchain/avr8/avr8-gnu-toolchain/bin/../lib/gcc/avr/5.4.0/../../../../avr/lib/avr51\libc.a(ftoa_engine.o)
                0x00003562                __ftoa_engine
 .text.avr-libc
                0x00003712       0x16 c:/program files (x86)/atmel/studio/7.0/toolchain/avr8/avr8-gnu-toolchain/bin/../lib/gcc/avr/5.4.0/../../../../avr/lib/avr51\libc.a(strnlen_P.o)
                0x00003712                strnlen_P
 .text.avr-libc
                0x00003728       0x12 c:/program files (x86)/atmel/studio/7.0/toolchain/avr8/avr8-gnu-toolchain/bin/../lib/gcc/avr/5.4.0/../../../../avr/lib/avr51\libc.a(memcpy.o)
                0x00003728                memcpy
 .text.avr-libc
                0x0000373a       0x16 c:/program files (x86)/atmel/studio/7.0/toolchain/avr8/avr8-gnu-toolchain/bin/../lib/gcc/avr/5.4.0/../../../../avr/lib/avr51\libc.a(strnlen.o)
                0x0000373a                strnlen
 .text.avr-libc
                0x00003750       0x78 c:/program files (x86)/atmel/studio/7.0/toolchain/avr8/avr8-gnu-toolchain/bin/../lib/gcc/avr/5.4.0/../../../../avr/lib/avr51\libc.a(fputc.o)
                0x00003750                fputc
 .text.avr-libc
                0x000037c8       0x26 c:/program files (x86)/atmel/studio/7.0/toolchain/avr8/avr8-gnu-toolchain/bin/../lib/gcc/avr/5.4.0/../../../../avr/lib/avr51\libc.a(printf.o)
                0x000037c8                printf
 .text.avr-libc
                0x000037ee       0xbc c:/program files (x86)/atmel/studio/7.0/toolchain/avr8/avr8-gnu-toolchain/bin/../lib/gcc/avr/5.4.0/../../../../avr/lib/avr51\libc.a(ultoa_invert.o)
                0x000037ee                __ultoa_invert
 .text.libgcc.div
                0x000038aa       0x28 c:/program files (x86)/atmel/studio/7.0/toolchain/avr8/avr8-gnu-toolchain/bin/../lib/gcc/avr/5.4.0/avr51\libgcc.a(_divmodsi4.o)
                0x000038aa                __divmodsi4
 .text.libgcc.div
                0x000038d2       0x10 c:/program files (x86)/atmel/studio/7.0/toolchain/avr8/avr8-gnu-toolchain/bin/../lib/gcc/avr/5.4.0/avr51\libgcc.a(_negsi2.o)
                0x000038d2                __negsi2
 .text.libgcc.mul
                0x000038e2       0x14 c:/program files (x86)/atmel/studio/7.0/toolchain/avr8/avr8-gnu-toolchain/bin/../lib/gcc/avr/5.4.0/avr51\libgcc.a(_muluhisi3.o)
                0x000038e2                __muluhisi3
 .text.libgcc.mul
                0x000038f6        0xc c:/program files (x86)/atmel/studio/7.0/toolchain/avr8/avr8-gnu-toolchain/bin/../lib/gcc/avr/5.4.0/avr51\libgcc.a(_mulshisi3.o)
                0x000038f6                __mulshisi3
                0x000038fa                __mulohisi3
                0x00003902                . = ALIGN (0x2)
 *(.fini9)
 .fini9         0x00003902        0x0 c:/program files (x86)/atmel/studio/7.0/toolchain/avr8/avr8-gnu-toolchain/bin/../lib/gcc/avr/5.4.0/avr51\libgcc.a(_exit.o)
                0x00003902                _exit
                0x00003902                exit
 *(.fini9)
 *(.fini8)
 *(.fini8)
 *(.fini7)
 *(.fini7)
 *(.fini6)
 *(.fini6)
 *(.fini5)
 *(.fini5)
 *(.fini4)
 *(.fini4)
 *(.fini3)
 *(.fini3)
 *(.fini2)
 *(.fini2)
 *(.fini1)
 *(.fini1)
 *(.fini0)
 .fini0         0x00003902        0x4 c:/program files (x86)/atmel/studio/7.0/toolchain/avr8/avr8-gnu-toolchain/bin/../lib/gcc/avr/5.4.0/avr51\libgcc.a(_exit.o)
 *(.fini0)
                0x00003906                _etext = .

.data           0x00800200       0x2e load address 0x00003906
                0x00800200                PROVIDE (__data_start, .)
 *(.data)
 .data          0x00800200        0x4 c:/program files (x86)/atmel/studio/7.0/toolchain/avr8/avr8-gnu-toolchain/bin/../lib/gcc/avr/5.4.0/../../../../avr/lib/avr51\libc.a(rand.o)
 *(.data*)
 .data.usb_stream
                0x00800204        0xe main.o
                0x00800204                usb_stream
 *(.gnu.linkonce.d*)
 *(.rodata)
 *(.rodata*)
 .rodata.str1.1
                0x00800212       0x1c main.o
 *(.gnu.linkonce.r*)
                0x0080022e                . = ALIGN (0x2)
                0x0080022e                _edata = .
                0x0080022e                PROVIDE (__data_end, .)

.bss            0x0080022e      0x936
                0x0080022e                PROVIDE (__bss_start, .)
 *(.bss)
 *(.bss*)
 .bss.bma150_isr_cb
                0x0080022e        0x2 sensors.o
 .bss.halSleepTimerEvent
                0x00800230        0x1 Stack/hal/drivers/atmega128rfa1/src/halSleep.o
 .bss.newData   0x00800231        0x1 Stack/hal/drivers/atmega128rfa1/src/halUart.o
 .bss.udrEmpty  0x00800232        0x1 Stack/hal/drivers/atmega128rfa1/src/halUart.o
 .bss.rxFifo    0x00800233        0xa Stack/hal/drivers/atmega128rfa1/src/halUart.o
 .bss.nwkDataReqQueue
                0x0080023d        0x2 Stack/nwk/src/nwkDataReq.o
 .bss.nwkFrameFrames
                0x0080023f      0x55a Stack/nwk/src/nwkFrame.o
 .bss.nwkRouteTable
                0x00800799      0x2bc Stack/nwk/src/nwkRoute.o
 .bss.nwkRxDuplicateRejectionTimer
                0x00800a55        0xd Stack/nwk/src/nwkRx.o
 .bss.nwkRxAckControl
                0x00800a62        0x1 Stack/nwk/src/nwkRx.o
 .bss.nwkRxDuplicateRejectionTable
                0x00800a63       0x32 Stack/nwk/src/nwkRx.o
 .bss.nwkTxDelayTimer
                0x00800a95        0xd Stack/nwk/src/nwkTx.o
 .bss.nwkTxAckWaitTimer
                0x00800aa2        0xd Stack/nwk/src/nwkTx.o
 .bss.nwkTxPhyActiveFrame
                0x00800aaf        0x2 Stack/nwk/src/nwkTx.o
 .bss.phyRxState
                0x00800ab1        0x1 Stack/phy/atmega128rfa1/src/phy.o
 .bss.phyRxBuffer
                0x00800ab2       0x80 Stack/phy/atmega128rfa1/src/phy.o
 .bss.phyState  0x00800b32        0x1 Stack/phy/atmega128rfa1/src/phy.o
 .bss.timers    0x00800b33        0x2 Stack/sys/src/sysTimer.o
 *(COMMON)
 COMMON         0x00800b35        0x1 Stack/hal/atmega128rfa1/src/halTimer.o
                0x00800b35                halTimerIrqCount
 COMMON         0x00800b36       0x28 Stack/nwk/src/nwk.o
                0x00800b36                nwkIb
 COMMON         0x00800b5e        0x6 c:/program files (x86)/atmel/studio/7.0/toolchain/avr8/avr8-gnu-toolchain/bin/../lib/gcc/avr/5.4.0/../../../../avr/lib/avr51\libc.a(iob.o)
                0x00800b5e                __iob
                0x00800b64                PROVIDE (__bss_end, .)
                0x00003906                __data_load_start = LOADADDR (.data)
                0x00003934                __data_load_end = (__data_load_start + SIZEOF (.data))

.noinit         0x00800b64        0x0
                [!provide]                PROVIDE (__noinit_start, .)
 *(.noinit*)
                [!provide]                PROVIDE (__noinit_end, .)
                0x00800b64                _end = .
                [!provide]                PROVIDE (__heap_start, .)

.eeprom         0x00810000        0x0
 *(.eeprom*)
                0x00810000                __eeprom_end = .

.fuse
 *(.fuse)
 *(.lfuse)
 *(.hfuse)
 *(.efuse)

.lock
 *(.lock*)

.signature
 *(.signature*)

.user_signatures
 *(.user_signatures*)

.stab
 *(.stab)

.stabstr
 *(.stabstr)

.stab.excl
 *(.stab.excl)

.stab.exclstr
 *(.stab.exclstr)

.stab.index
 *(.stab.index)

.stab.indexstr
 *(.stab.indexstr)

.comment        0x00000000       0x5c
 *(.comment)
 .comment       0x00000000       0x30 ECDH_Mathematics.o
                                 0x31 (size before relaxing)
 .comment       0x00000030       0x31 ECDH_Order.o
 .comment       0x00000030       0x31 main.o
 .comment       0x00000030       0x31 sensors.o
 .comment       0x00000030       0x31 Stack/hal/atmega128rfa1/src/hal.o
 .comment       0x00000030       0x31 Stack/hal/atmega128rfa1/src/halTimer.o
 .comment       0x00000030       0x31 Stack/hal/drivers/atmega128rfa1/src/halSleep.o
 .comment       0x00000030       0x31 Stack/hal/drivers/atmega128rfa1/src/halUart.o
 .comment       0x00000030       0x31 Stack/nwk/src/nwk.o
 .comment       0x00000030       0x31 Stack/nwk/src/nwkDataReq.o
 .comment       0x00000030       0x31 Stack/nwk/src/nwkFrame.o
 .comment       0x00000030       0x31 Stack/nwk/src/nwkRoute.o
 .comment       0x00000030       0x31 Stack/nwk/src/nwkRx.o
 .comment       0x00000030       0x31 Stack/nwk/src/nwkTx.o
 .comment       0x00000030       0x31 Stack/phy/atmega128rfa1/src/phy.o
 .comment       0x00000030       0x31 Stack/sys/src/sys.o
 .comment       0x00000030       0x31 Stack/sys/src/sysTimer.o
 .comment       0x00000030       0x31 USB_Stack/usb.o
 .comment       0x00000030       0x2c c:/program files (x86)/atmel/studio/7.0/toolchain/avr8/avr8-gnu-toolchain/bin/../lib/gcc/avr/5.4.0/../../../../avr/lib/avr51\libprintf_flt.a(vfprintf_flt.o)
                                 0x2d (size before relaxing)
 .comment       0x0000005c       0x31 c:/program files (x86)/atmel/studio/7.0/toolchain/avr8/avr8-gnu-toolchain/bin/../lib/gcc/avr/5.4.0/../../../../avr/lib/avr51\libc.a(rand.o)
 .comment       0x0000005c       0x31 c:/program files (x86)/atmel/studio/7.0/toolchain/avr8/avr8-gnu-toolchain/bin/../lib/gcc/avr/5.4.0/../../../../avr/lib/avr51\libc.a(fputc.o)
 .comment       0x0000005c       0x31 c:/program files (x86)/atmel/studio/7.0/toolchain/avr8/avr8-gnu-toolchain/bin/../lib/gcc/avr/5.4.0/../../../../avr/lib/avr51\libc.a(iob.o)
 .comment       0x0000005c       0x31 c:/program files (x86)/atmel/studio/7.0/toolchain/avr8/avr8-gnu-toolchain/bin/../lib/gcc/avr/5.4.0/../../../../avr/lib/avr51\libc.a(printf.o)

.note.gnu.avr.deviceinfo
                0x00000000       0x40
 .note.gnu.avr.deviceinfo
                0x00000000       0x40 C:/Program Files (x86)/Atmel/Studio/7.0/Packs/atmel/ATmega_DFP/1.0.90/gcc/dev/atmega128rfa1/avr51/crtatmega128rfa1.o

.note.gnu.build-id
 *(.note.gnu.build-id)

.debug
 *(.debug)

.line
 *(.line)

.debug_srcinfo
 *(.debug_srcinfo)

.debug_sfnames
 *(.debug_sfnames)

.debug_aranges  0x00000000      0x600
 *(.debug_aranges)
 .debug_aranges
                0x00000000       0x38 ECDH_Mathematics.o
 .debug_aranges
                0x00000038       0x38 ECDH_Order.o
 .debug_aranges
                0x00000070       0x20 main.o
 .debug_aranges
                0x00000090      0x160 sensors.o
 .debug_aranges
                0x000001f0       0x28 Stack/hal/atmega128rfa1/src/hal.o
 .debug_aranges
                0x00000218       0x30 Stack/hal/atmega128rfa1/src/halTimer.o
 .debug_aranges
                0x00000248       0x28 Stack/hal/drivers/atmega128rfa1/src/halSleep.o
 .debug_aranges
                0x00000270       0x48 Stack/hal/drivers/atmega128rfa1/src/halUart.o
 .debug_aranges
                0x000002b8       0x70 Stack/nwk/src/nwk.o
 .debug_aranges
                0x00000328       0x38 Stack/nwk/src/nwkDataReq.o
 .debug_aranges
                0x00000360       0x40 Stack/nwk/src/nwkFrame.o
 .debug_aranges
                0x000003a0       0x80 Stack/nwk/src/nwkRoute.o
 .debug_aranges
                0x00000420       0x48 Stack/nwk/src/nwkRx.o
 .debug_aranges
                0x00000468       0x60 Stack/nwk/src/nwkTx.o
 .debug_aranges
                0x000004c8       0x80 Stack/phy/atmega128rfa1/src/phy.o
 .debug_aranges
                0x00000548       0x28 Stack/sys/src/sys.o
 .debug_aranges
                0x00000570       0x48 Stack/sys/src/sysTimer.o
 .debug_aranges
                0x000005b8       0x48 USB_Stack/usb.o

.debug_pubnames
 *(.debug_pubnames)

.debug_info     0x00000000     0x6af5
 *(.debug_info .gnu.linkonce.wi.*)
 .debug_info    0x00000000      0x201 ECDH_Mathematics.o
 .debug_info    0x00000201      0x4f6 ECDH_Order.o
 .debug_info    0x000006f7      0x4f7 main.o
 .debug_info    0x00000bee     0x157d sensors.o
 .debug_info    0x0000216b      0x128 Stack/hal/atmega128rfa1/src/hal.o
 .debug_info    0x00002293       0xe4 Stack/hal/atmega128rfa1/src/halTimer.o
 .debug_info    0x00002377      0x184 Stack/hal/drivers/atmega128rfa1/src/halSleep.o
 .debug_info    0x000024fb      0x319 Stack/hal/drivers/atmega128rfa1/src/halUart.o
 .debug_info    0x00002814      0x4ce Stack/nwk/src/nwk.o
 .debug_info    0x00002ce2      0x785 Stack/nwk/src/nwkDataReq.o
 .debug_info    0x00003467      0x572 Stack/nwk/src/nwkFrame.o
 .debug_info    0x000039d9      0xb52 Stack/nwk/src/nwkRoute.o
 .debug_info    0x0000452b      0xc34 Stack/nwk/src/nwkRx.o
 .debug_info    0x0000515f      0xa26 Stack/nwk/src/nwkTx.o
 .debug_info    0x00005b85      0x81d Stack/phy/atmega128rfa1/src/phy.o
 .debug_info    0x000063a2      0x140 Stack/sys/src/sys.o
 .debug_info    0x000064e2      0x345 Stack/sys/src/sysTimer.o
 .debug_info    0x00006827      0x2ce USB_Stack/usb.o

.debug_abbrev   0x00000000     0x1fc5
 *(.debug_abbrev)
 .debug_abbrev  0x00000000       0xbd ECDH_Mathematics.o
 .debug_abbrev  0x000000bd      0x133 ECDH_Order.o
 .debug_abbrev  0x000001f0      0x1d7 main.o
 .debug_abbrev  0x000003c7      0x2a6 sensors.o
 .debug_abbrev  0x0000066d       0xc3 Stack/hal/atmega128rfa1/src/hal.o
 .debug_abbrev  0x00000730       0xaa Stack/hal/atmega128rfa1/src/halTimer.o
 .debug_abbrev  0x000007da       0xd5 Stack/hal/drivers/atmega128rfa1/src/halSleep.o
 .debug_abbrev  0x000008af      0x16a Stack/hal/drivers/atmega128rfa1/src/halUart.o
 .debug_abbrev  0x00000a19      0x1b5 Stack/nwk/src/nwk.o
 .debug_abbrev  0x00000bce      0x27f Stack/nwk/src/nwkDataReq.o
 .debug_abbrev  0x00000e4d      0x183 Stack/nwk/src/nwkFrame.o
 .debug_abbrev  0x00000fd0      0x332 Stack/nwk/src/nwkRoute.o
 .debug_abbrev  0x00001302      0x38a Stack/nwk/src/nwkRx.o
 .debug_abbrev  0x0000168c      0x30c Stack/nwk/src/nwkTx.o
 .debug_abbrev  0x00001998      0x236 Stack/phy/atmega128rfa1/src/phy.o
 .debug_abbrev  0x00001bce       0x63 Stack/sys/src/sys.o
 .debug_abbrev  0x00001c31      0x19b Stack/sys/src/sysTimer.o
 .debug_abbrev  0x00001dcc      0x1f9 USB_Stack/usb.o

.debug_line     0x00000000     0x38e9
 *(.debug_line .debug_line.* .debug_line_end)
 .debug_line    0x00000000      0x1ff ECDH_Mathematics.o
 .debug_line    0x000001ff      0x259 ECDH_Order.o
 .debug_line    0x00000458      0x185 main.o
 .debug_line    0x000005dd      0xb1e sensors.o
 .debug_line    0x000010fb      0x185 Stack/hal/atmega128rfa1/src/hal.o
 .debug_line    0x00001280      0x12d Stack/hal/atmega128rfa1/src/halTimer.o
 .debug_line    0x000013ad      0x1db Stack/hal/drivers/atmega128rfa1/src/halSleep.o
 .debug_line    0x00001588      0x2c4 Stack/hal/drivers/atmega128rfa1/src/halUart.o
 .debug_line    0x0000184c      0x2ab Stack/nwk/src/nwk.o
 .debug_line    0x00001af7      0x24c Stack/nwk/src/nwkDataReq.o
 .debug_line    0x00001d43      0x1d1 Stack/nwk/src/nwkFrame.o
 .debug_line    0x00001f14      0x48c Stack/nwk/src/nwkRoute.o
 .debug_line    0x000023a0      0x4b4 Stack/nwk/src/nwkRx.o
 .debug_line    0x00002854      0x4ca Stack/nwk/src/nwkTx.o
 .debug_line    0x00002d1e      0x3fb Stack/phy/atmega128rfa1/src/phy.o
 .debug_line    0x00003119      0x108 Stack/sys/src/sys.o
 .debug_line    0x00003221      0x2ba Stack/sys/src/sysTimer.o
 .debug_line    0x000034db      0x40e USB_Stack/usb.o

.debug_frame    0x00000000     0x129c
 *(.debug_frame)
 .debug_frame   0x00000000      0x1cc ECDH_Mathematics.o
 .debug_frame   0x000001cc      0x1d8 ECDH_Order.o
 .debug_frame   0x000003a4       0x34 main.o
 .debug_frame   0x000003d8      0x514 sensors.o
 .debug_frame   0x000008ec       0x34 Stack/hal/atmega128rfa1/src/hal.o
 .debug_frame   0x00000920       0x54 Stack/hal/atmega128rfa1/src/halTimer.o
 .debug_frame   0x00000974       0x50 Stack/hal/drivers/atmega128rfa1/src/halSleep.o
 .debug_frame   0x000009c4       0xe4 Stack/hal/drivers/atmega128rfa1/src/halUart.o
 .debug_frame   0x00000aa8       0xd4 Stack/nwk/src/nwk.o
 .debug_frame   0x00000b7c       0x68 Stack/nwk/src/nwkDataReq.o
 .debug_frame   0x00000be4       0x64 Stack/nwk/src/nwkFrame.o
 .debug_frame   0x00000c48      0x174 Stack/nwk/src/nwkRoute.o
 .debug_frame   0x00000dbc       0xe0 Stack/nwk/src/nwkRx.o
 .debug_frame   0x00000e9c      0x144 Stack/nwk/src/nwkTx.o
 .debug_frame   0x00000fe0      0x14c Stack/phy/atmega128rfa1/src/phy.o
 .debug_frame   0x0000112c       0x34 Stack/sys/src/sys.o
 .debug_frame   0x00001160       0xc0 Stack/sys/src/sysTimer.o
 .debug_frame   0x00001220       0x7c USB_Stack/usb.o

.debug_str      0x00000000     0x1ea2
 *(.debug_str)
 .debug_str     0x00000000      0x1aa ECDH_Mathematics.o
                                0x1e3 (size before relaxing)
 .debug_str     0x000001aa       0xbb ECDH_Order.o
                                0x23a (size before relaxing)
 .debug_str     0x00000265      0x1f8 main.o
                                0x381 (size before relaxing)
 .debug_str     0x0000045d      0x60f sensors.o
                                0x754 (size before relaxing)
 .debug_str     0x00000a6c       0x6a Stack/hal/atmega128rfa1/src/hal.o
                                0x1c8 (size before relaxing)
 .debug_str     0x00000ad6       0x47 Stack/hal/atmega128rfa1/src/halTimer.o
                                0x1c2 (size before relaxing)
 .debug_str     0x00000b1d       0x8c Stack/hal/drivers/atmega128rfa1/src/halSleep.o
                                0x20d (size before relaxing)
 .debug_str     0x00000ba9       0xf6 Stack/hal/drivers/atmega128rfa1/src/halUart.o
                                0x299 (size before relaxing)
 .debug_str     0x00000c9f      0x197 Stack/nwk/src/nwk.o
                                0x35d (size before relaxing)
 .debug_str     0x00000e36      0x31f Stack/nwk/src/nwkDataReq.o
                                0x58c (size before relaxing)
 .debug_str     0x00001155       0x61 Stack/nwk/src/nwkFrame.o
                                0x42b (size before relaxing)
 .debug_str     0x000011b6      0x1f5 Stack/nwk/src/nwkRoute.o
                                0x635 (size before relaxing)
 .debug_str     0x000013ab      0x2d0 Stack/nwk/src/nwkRx.o
                                0x76e (size before relaxing)
 .debug_str     0x0000167b      0x1c7 Stack/nwk/src/nwkTx.o
                                0x6fe (size before relaxing)
 .debug_str     0x00001842      0x52b Stack/phy/atmega128rfa1/src/phy.o
                                0x79c (size before relaxing)
 .debug_str     0x00001d6d       0x3a Stack/sys/src/sys.o
                                0x1f8 (size before relaxing)
 .debug_str     0x00001da7       0x55 Stack/sys/src/sysTimer.o
                                0x27f (size before relaxing)
 .debug_str     0x00001dfc       0xa6 USB_Stack/usb.o
                                0x23a (size before relaxing)

.debug_loc      0x00000000     0x5a32
 *(.debug_loc)
 .debug_loc     0x00000000     0x15b2 ECDH_Mathematics.o
 .debug_loc     0x000015b2      0xf5c ECDH_Order.o
 .debug_loc     0x0000250e       0x47 main.o
 .debug_loc     0x00002555     0x1020 sensors.o
 .debug_loc     0x00003575       0x21 Stack/hal/atmega128rfa1/src/hal.o
 .debug_loc     0x00003596       0x62 Stack/hal/atmega128rfa1/src/halTimer.o
 .debug_loc     0x000035f8      0x179 Stack/hal/drivers/atmega128rfa1/src/halSleep.o
 .debug_loc     0x00003771      0x212 Stack/hal/drivers/atmega128rfa1/src/halUart.o
 .debug_loc     0x00003983      0x14d Stack/nwk/src/nwk.o
 .debug_loc     0x00003ad0      0x137 Stack/nwk/src/nwkDataReq.o
 .debug_loc     0x00003c07       0xe2 Stack/nwk/src/nwkFrame.o
 .debug_loc     0x00003ce9      0x875 Stack/nwk/src/nwkRoute.o
 .debug_loc     0x0000455e      0x543 Stack/nwk/src/nwkRx.o
 .debug_loc     0x00004aa1      0x691 Stack/nwk/src/nwkTx.o
 .debug_loc     0x00005132      0x3d7 Stack/phy/atmega128rfa1/src/phy.o
 .debug_loc     0x00005509      0x42e Stack/sys/src/sysTimer.o
 .debug_loc     0x00005937       0xfb USB_Stack/usb.o

.debug_macinfo
 *(.debug_macinfo)

.debug_weaknames
 *(.debug_weaknames)

.debug_funcnames
 *(.debug_funcnames)

.debug_typenames
 *(.debug_typenames)

.debug_varnames
 *(.debug_varnames)

.debug_pubtypes
 *(.debug_pubtypes)

.debug_ranges   0x00000000      0x628
 *(.debug_ranges)
 .debug_ranges  0x00000000       0x28 ECDH_Mathematics.o
 .debug_ranges  0x00000028       0x40 ECDH_Order.o
 .debug_ranges  0x00000068       0x28 main.o
 .debug_ranges  0x00000090      0x150 sensors.o
 .debug_ranges  0x000001e0       0x18 Stack/hal/atmega128rfa1/src/hal.o
 .debug_ranges  0x000001f8       0x20 Stack/hal/atmega128rfa1/src/halTimer.o
 .debug_ranges  0x00000218       0x30 Stack/hal/drivers/atmega128rfa1/src/halSleep.o
 .debug_ranges  0x00000248       0x38 Stack/hal/drivers/atmega128rfa1/src/halUart.o
 .debug_ranges  0x00000280       0x60 Stack/nwk/src/nwk.o
 .debug_ranges  0x000002e0       0x28 Stack/nwk/src/nwkDataReq.o
 .debug_ranges  0x00000308       0x30 Stack/nwk/src/nwkFrame.o
 .debug_ranges  0x00000338       0x88 Stack/nwk/src/nwkRoute.o
 .debug_ranges  0x000003c0       0xd0 Stack/nwk/src/nwkRx.o
 .debug_ranges  0x00000490       0x68 Stack/nwk/src/nwkTx.o
 .debug_ranges  0x000004f8       0x70 Stack/phy/atmega128rfa1/src/phy.o
 .debug_ranges  0x00000568       0x18 Stack/sys/src/sys.o
 .debug_ranges  0x00000580       0x70 Stack/sys/src/sysTimer.o
 .debug_ranges  0x000005f0       0x38 USB_Stack/usb.o

.debug_macro
 *(.debug_macro)
OUTPUT(Anchor-LWM_MSSY_deRF.elf elf32-avr)
LOAD linker stubs
